[ivang-design.com/thalia/index.html]
[backblue.gif]
[fade.gif]
[index.html]
[ivang-design.com/thalia/css/font-awesome.min.css]
[ivang-design.com/thalia/css/bootstrap.min.css]
[ivang-design.com/thalia/css/ionicons.min.css]
[ivang-design.com/thalia/css/datepicker.css]
[ivang-design.com/thalia/css/jquery.fancybox.min.css]
[ivang-design.com/thalia/css/owl.carousel.css]
[ivang-design.com/thalia/css/owl.transitions.css]
[ivang-design.com/thalia/css/colors/color.css]
[ivang-design.com/thalia/css/style.css]
[ivang-design.com/thalia/favicon.png]
[ivang-design.com/thalia/apple-touch-icon.png]
[ivang-design.com/thalia/apple-touch-icon-72x72.png]
[ivang-design.com/thalia/apple-touch-icon-114x114.png]
[ivang-design.com/thalia/index-2.html]
[ivang-design.com/thalia/img/logo.png]
[ivang-design.com/thalia/index-1.html]
[ivang-design.com/thalia/index-3.html]
[ivang-design.com/thalia/rooms.html]
[ivang-design.com/thalia/rooms-gallery.html]
[ivang-design.com/thalia/rooms-video.html]
[ivang-design.com/thalia/explore.html]
[ivang-design.com/thalia/search.html]
[ivang-design.com/thalia/tandc.html]
[ivang-design.com/thalia/services.html]
[ivang-design.com/thalia/restaurant.html]
[ivang-design.com/thalia/testimonials.html]
[ivang-design.com/thalia/gallery.html]
[ivang-design.com/thalia/about.html]
[ivang-design.com/thalia/blog.html]
[ivang-design.com/thalia/contact.html]
[ivang-design.com/thalia/img/1.jpg]
[ivang-design.com/thalia/img/2.jpg]
[ivang-design.com/thalia/img/3.jpg]
[ivang-design.com/thalia/img/rooms.png]
[ivang-design.com/thalia/img/room1.jpg]
[ivang-design.com/thalia/img/room2.jpg]
[ivang-design.com/thalia/img/ser-1.jpg]
[ivang-design.com/thalia/img/ser-2.jpg]
[ivang-design.com/thalia/img/ser-3.jpg]
[ivang-design.com/thalia/img/ser-4.jpg]
[ivang-design.com/thalia/img/1.svg]
[ivang-design.com/thalia/img/2.svg]
[ivang-design.com/thalia/img/3.svg]
[ivang-design.com/thalia/img/4.svg]
[ivang-design.com/thalia/img/5.svg]
[ivang-design.com/thalia/img/6.svg]
[ivang-design.com/thalia/img/4.jpg]
[ivang-design.com/thalia/img/room3.jpg]
[ivang-design.com/thalia/img/room4.jpg]
[ivang-design.com/thalia/img/room5.jpg]
[ivang-design.com/thalia/img/room6.jpg]
[ivang-design.com/thalia/img/5.jpg]
[ivang-design.com/thalia/img/rest-1.jpg]
[ivang-design.com/thalia/img/rest-2.jpg]
[ivang-design.com/thalia/img/gallery/1.jpg]
[ivang-design.com/thalia/img/gallery/1-s.jpg]
[ivang-design.com/thalia/img/gallery/2.jpg]
[ivang-design.com/thalia/img/gallery/2-s.jpg]
[ivang-design.com/thalia/img/gallery/3.jpg]
[ivang-design.com/thalia/img/gallery/3-s.jpg]
[ivang-design.com/thalia/img/gallery/4.jpg]
[ivang-design.com/thalia/img/gallery/4-s.jpg]
[ivang-design.com/thalia/img/gallery/5.jpg]
[ivang-design.com/thalia/img/gallery/5-s.jpg]
[ivang-design.com/thalia/img/gallery/6.jpg]
[ivang-design.com/thalia/img/gallery/6-s.jpg]
[ivang-design.com/thalia/img/gallery/7.jpg]
[ivang-design.com/thalia/img/gallery/7-s.jpg]
[ivang-design.com/thalia/img/gallery/8.jpg]
[ivang-design.com/thalia/img/gallery/8-s.jpg]
[ivang-design.com/thalia/img/gallery/9.jpg]
[ivang-design.com/thalia/img/gallery/9-s.jpg]
[ivang-design.com/thalia/img/gallery/10.jpg]
[ivang-design.com/thalia/img/gallery/10-s.jpg]
[ivang-design.com/thalia/img/logos/1.png]
[ivang-design.com/thalia/img/logos/2.png]
[ivang-design.com/thalia/img/logos/3.png]
[ivang-design.com/thalia/js/jquery.min.js]
[ivang-design.com/thalia/js/popper.min.js]
[ivang-design.com/thalia/js/bootstrap.min.js]
[ivang-design.com/thalia/js/flip-slider.js]
[ivang-design.com/thalia/js/reveal-home.js]
[ivang-design.com/thalia/js/plugins.js]
[ivang-design.com/thalia/index.html]
[ivang-design.com/thalia/css/bootstrap.min.css]
[ivang-design.com/thalia/js/custom.js]
[ivang-design.com/thalia/fonts/fontawesome-webfont3e6e.eot]
[ivang-design.com/thalia/fonts/fontawesome-webfontd41d.eot]
[ivang-design.com/thalia/fonts/fontawesome-webfont3e6e.woff2]
[ivang-design.com/thalia/fonts/fontawesome-webfont3e6e.woff]
[ivang-design.com/thalia/fonts/fontawesome-webfont3e6e.ttf]
[ivang-design.com/thalia/css/font-awesome.min.css]
[ivang-design.com/thalia/fonts/ionicons790f.eot]
[ivang-design.com/thalia/fonts/ionicons790f.ttf]
[ivang-design.com/thalia/fonts/ionicons790f.woff]
[ivang-design.com/thalia/fonts/fontawesome-webfont3e6e.svg]
[ivang-design.com/thalia/css/ionicons.min.css]
[ivang-design.com/thalia/css/datepicker.css]
[ivang-design.com/thalia/css/jquery.fancybox.min.css]
[ivang-design.com/thalia/css/owl.carousel.css]
[ivang-design.com/thalia/css/owl.transitions.css]
[ivang-design.com/thalia/img/arrow-up.svg]
[ivang-design.com/thalia/img/home-video.jpg]
[ivang-design.com/thalia/img/video-res.jpg]
[ivang-design.com/thalia/fonts/ionicons790f.svg]
[ivang-design.com/thalia/img/video-explore.jpg]
[ivang-design.com/thalia/img/video-about.jpg]
[ivang-design.com/thalia/img/move-img.jpg]
[ivang-design.com/thalia/img/user.png]
[ivang-design.com/thalia/img/up.svg]
[ivang-design.com/thalia/img/down.svg]
[ivang-design.com/thalia/img/qu.png]
[ivang-design.com/thalia/img/plus.png]
[ivang-design.com/thalia/img/arrow-left.svg]
[ivang-design.com/thalia/img/arrow-right.svg]
[ivang-design.com/thalia/img/line-nav.png]
[ivang-design.com/thalia/css/style.css]
[ivang-design.com/thalia/css/colors/color.css]
[ivang-design.com/thalia/index-2.html]
[ivang-design.com/thalia/img/trans.png]
[ivang-design.com/thalia/video/video.mp4]
[ivang-design.com/thalia/index-1.html]
[ivang-design.com/thalia/js/move-img-effect.js]
[ivang-design.com/thalia/index-3.html]
[ivang-design.com/thalia/img/rooms.jpg]
[ivang-design.com/thalia/rooms.html]
[ivang-design.com/thalia/img/icons/1.svg]
[ivang-design.com/thalia/img/icons/2.svg]
[ivang-design.com/thalia/img/icons/3.svg]
[ivang-design.com/thalia/img/icons/4.svg]
[ivang-design.com/thalia/img/icons/5.svg]
[ivang-design.com/thalia/img/icons/6.svg]
[ivang-design.com/thalia/rooms-gallery.html]
[ivang-design.com/thalia/img/video.jpg]
[ivang-design.com/thalia/rooms-video.html]
[ivang-design.com/thalia/video/video-explore.mp4]
[ivang-design.com/thalia/img/explore1.jpg]
[ivang-design.com/thalia/img/explore2.jpg]
[ivang-design.com/thalia/img/explore4.jpg]
[ivang-design.com/thalia/img/explore3.jpg]
[ivang-design.com/thalia/explore.html]
[ivang-design.com/thalia/search.html]
[ivang-design.com/thalia/tandc.html]
[ivang-design.com/thalia/post.html]
[ivang-design.com/thalia/js/reveal-services.js]
[ivang-design.com/thalia/services.html]
[ivang-design.com/thalia/video/video-res.mp4]
[ivang-design.com/thalia/img/res-1.png]
[ivang-design.com/thalia/img/res-2.png]
[ivang-design.com/thalia/img/res-3.png]
[ivang-design.com/thalia/img/food1.jpg]
[ivang-design.com/thalia/img/food2.jpg]
[ivang-design.com/thalia/img/food3.jpg]
[ivang-design.com/thalia/img/food4.jpg]
[ivang-design.com/thalia/restaurant.html]
[ivang-design.com/thalia/img/t1.jpg]
[ivang-design.com/thalia/img/t2.jpg]
[ivang-design.com/thalia/img/t3.jpg]
[ivang-design.com/thalia/img/logos/4.png]
[ivang-design.com/thalia/testimonials.html]
[ivang-design.com/thalia/gallery.html]
[ivang-design.com/thalia/video/video-about.mp4]
[ivang-design.com/thalia/js/reveal-about.js]
[ivang-design.com/thalia/about.html]
[ivang-design.com/thalia/img/explore.jpg]
[ivang-design.com/thalia/img/blog/1.jpg]
[ivang-design.com/thalia/img/blog/2.jpg]
[ivang-design.com/thalia/img/blog/3.jpg]
[ivang-design.com/thalia/img/blog/4.jpg]
[ivang-design.com/thalia/img/blog/5.jpg]
[ivang-design.com/thalia/img/blog/6.jpg]
[ivang-design.com/thalia/blog.html]
[ivang-design.com/thalia/contact.html]
[ivang-design.com/thalia/img/1.svg]
[ivang-design.com/thalia/img/2.svg]
[ivang-design.com/thalia/img/3.svg]
[ivang-design.com/thalia/img/4.svg]
[ivang-design.com/thalia/img/5.svg]
[ivang-design.com/thalia/img/6.svg]
[ivang-design.com/thalia/fonts/fontawesome-webfont3e6e.svg]
[ivang-design.com/thalia/fonts/ionicons790f.svg]
[ivang-design.com/thalia/css/grabbing.html]
[ivang-design.com/thalia/img/arrow-up.svg]
[ivang-design.com/thalia/img/up.svg]
[ivang-design.com/thalia/img/down.svg]
[ivang-design.com/thalia/img/arrow-left.svg]
[ivang-design.com/thalia/img/arrow-right.svg]
[ivang-design.com/thalia/img/icons/1.svg]
[ivang-design.com/thalia/img/icons/2.svg]
[ivang-design.com/thalia/img/icons/3.svg]
[ivang-design.com/thalia/img/icons/4.svg]
[ivang-design.com/thalia/img/icons/5.svg]
[ivang-design.com/thalia/img/icons/6.svg]
[ivang-design.com/thalia/img/blog/post.jpg]
[ivang-design.com/thalia/post.html]
